// Jest Snapshot v1, https://goo.gl/fbAQLP

exports[`Login Component should match the snapshot 1`] = `
<form>
  <label
    className="form-label"
    htmlFor="email"
  >
    Email
  </label>
  <input
    className="form-input"
    id="email"
    name="email"
    onChange={[Function]}
    placeholder="User@turing.io"
    type="text"
    value=""
  />
  <label
    className="form-label"
    htmlFor="password"
  >
    Password
  </label>
  <input
    autocomplete="off"
    className="form-input"
    id="password"
    name="password"
    onChange={[Function]}
    placeholder="password123"
    type="password"
    value=""
  />
  <button
    className="form-btn"
    id="submit-btn"
    onClick={[Function]}
    type="button"
  >
    Submit
  </button>
</form>
`;
