// Jest Snapshot v1, https://goo.gl/fbAQLP

exports[`Loading should match the snapshot 1`] = `
<div
  className="loading-wrapper-div"
>
  <div
    className="popcorn-div"
  />
</div>
`;
